// 同步 ID: 6cb738b6 @ Sat Jul 18 00:03:46 UTC 2026
// 同步 ID: d146dacc @ Sat Jul 18 03:55:42 UTC 2026
// 重构日志: 67636e60
// 同步 ID: ba831cf5 @ Sun Jul 19 13:54:04 UTC 2026
// 同步 ID: cbb21893 @ Mon Jul 20 07:50:57 UTC 2026
// 同步 ID: 37148aa8 @ Tue Jul 21 09:33:33 UTC 2026
// 重构日志: 2e8b098d
// 重构日志: 5da25a38
// 重构日志: f4058f95
// 重构日志: 85c9871b
// 重构日志: 074e25c9
// 重构日志: a5a3fc23
// 重构日志: 431deb1d
// 重构日志: e13d8393
// 同步 ID: d02b6402 @ Sun Jul 26 07:38:40 UTC 2026
// 重构日志: 3398aaca
// 同步 ID: d3b35c75 @ Mon Jul 27 07:57:47 UTC 2026
// 同步 ID: 3be4e84f @ Mon Jul 27 17:11:00 UTC 2026
// 重构日志: 5e80f97e
// 重构日志: 6e3b5681
// 同步 ID: 6ae929a8 @ Tue Jul 28 09:58:07 UTC 2026
// 同步 ID: 7f34a967 @ Wed Jul 29 04:29:36 UTC 2026
// 重构日志: e3e655a3
// 重构日志: dbf64ad4
// 同步 ID: ad80a36f @ Sat Aug  1 10:06:48 UTC 2026
// 同步 ID: fb274e4e @ Sat Aug  1 12:22:58 UTC 2026
// 重构日志: 2610130c
// 重构日志: 60a809bc
// 同步 ID: 3b6d6cde @ Sun Aug  2 12:04:32 UTC 2026
// 同步 ID: b670fe4b @ Sun Aug  2 15:52:14 UTC 2026
// 重构日志: dd5eb9ba
// 重构日志: 24b1a735
// 重构日志: 8e6a6834
